../Core/Src/main.c:78:6:SCH_Update	16	static
../Core/Src/main.c:100:6:SCH_Update2	4	static
../Core/Src/main.c:112:10:SCH_Add_Task	32	static
../Core/Src/main.c:137:10:SCH_Add_Task2	32	static
../Core/Src/main.c:180:6:SCH_Delete_Task	16	static
../Core/Src/main.c:196:6:SCH_Delete_Task2	16	static
../Core/Src/main.c:213:6:SCH_Dispatch_Tasks	16	static
../Core/Src/main.c:229:6:SCH_Dispatch_Tasks2	8	static
../Core/Src/main.c:244:6:SCH_Init	16	static
../Core/Src/main.c:257:6:toggleRED	8	static
../Core/Src/main.c:261:6:toggleGREEN	8	static
../Core/Src/main.c:265:6:toggleYELLOW	8	static
../Core/Src/main.c:269:6:turnOnLED	8	static
../Core/Src/main.c:273:6:turnOffLED	8	static
../Core/Src/main.c:284:5:main	8	static
../Core/Src/main.c:342:6:SystemClock_Config	72	static
../Core/Src/main.c:379:13:MX_TIM2_Init	32	static
../Core/Src/main.c:424:13:MX_GPIO_Init	32	static
../Core/Src/main.c:448:6:HAL_TIM_PeriodElapsedCallback	16	static
../Core/Src/main.c:457:6:Error_Handler	4	static,ignoring_inline_asm
