../Core/Src/main.c:78:6:SCH_Update	4	static
../Core/Src/main.c:90:6:SCH_Add_Task	40	static
../Core/Src/main.c:126:6:SCH_Delete	16	static
../Core/Src/main.c:134:6:SCH_Delete_Task	24	static
../Core/Src/main.c:151:6:SCH_Dispatch_Tasks	8	static
../Core/Src/main.c:165:6:SCH_Init	16	static
../Core/Src/main.c:181:6:toggleLED1	8	static
../Core/Src/main.c:185:6:toggleLED2	8	static
../Core/Src/main.c:189:6:toggleLED3	8	static
../Core/Src/main.c:193:6:toggleLED4	8	static
../Core/Src/main.c:197:6:toggleLED5	8	static
../Core/Src/main.c:208:5:main	8	static
../Core/Src/main.c:260:6:SystemClock_Config	72	static
../Core/Src/main.c:297:13:MX_TIM2_Init	32	static
../Core/Src/main.c:342:13:MX_GPIO_Init	32	static
../Core/Src/main.c:369:6:HAL_TIM_PeriodElapsedCallback	16	static
../Core/Src/main.c:378:6:Error_Handler	4	static,ignoring_inline_asm
