23:22:42 **** Incremental Build of configuration Debug for project lab4_ex ****
make -j8 all 
arm-none-eabi-gcc "../Core/Src/main.c" -mcpu=cortex-m3 -std=gnu11 -g3 -DDEBUG -DUSE_HAL_DRIVER -DSTM32F103x6 -c -I../Core/Inc -I../Drivers/STM32F1xx_HAL_Driver/Inc/Legacy -I../Drivers/STM32F1xx_HAL_Driver/Inc -I../Drivers/CMSIS/Device/ST/STM32F1xx/Include -I../Drivers/CMSIS/Include -O0 -ffunction-sections -fdata-sections -Wall -fstack-usage -fcyclomatic-complexity -MMD -MP -MF"Core/Src/main.d" -MT"Core/Src/main.o" --specs=nano.specs -mfloat-abi=soft -mthumb -o "Core/Src/main.o"
arm-none-eabi-gcc -o "lab4_ex.elf" @"objects.list"   -mcpu=cortex-m3 -T"C:\Users\Acer\Desktop\DHBK\HK5\VXL\STM32\lab\lab_4\lab4_ex\STM32F103C6TX_FLASH.ld" --specs=nosys.specs -Wl,-Map="lab4_ex.map" -Wl,--gc-sections -static --specs=nano.specs -mfloat-abi=soft -mthumb -Wl,--start-group -lc -lm -Wl,--end-group
Finished building target: lab4_ex.elf
 
arm-none-eabi-size   lab4_ex.elf 
arm-none-eabi-objdump -h -S  lab4_ex.elf  > "lab4_ex.list"
arm-none-eabi-objcopy  -O ihex  lab4_ex.elf  "lab4_ex.hex"
   text	   data	    bss	    dec	    hex	filename
   8120	     20	   2444	  10584	   2958	lab4_ex.elf
Finished building: default.size.stdout
 
Finished building: lab4_ex.hex
 
Finished building: lab4_ex.list
 

23:22:43 Build Finished. 0 errors, 0 warnings. (took 769ms)

